<html>
<body>
<pre>
<h1>礦ision Build Log</h1>
<h2>Tool Versions:</h2>
IDE-Version: μVision V5.24.2.0
Copyright (C) 2017 ARM Ltd and ARM Germany GmbH. All rights reserved.
License Information: xiefie Microsoft, Microsoft, LIC=BL2X7-EJZGY-LTV3E-5T3DJ-INF06-IWAQY
 
Tool Versions:
Toolchain:       MDK-ARM Professional  Version: 5.24.1
Toolchain Path:  e:\Keil_v5\ARM\ARMCC\Bin
C Compiler:      Armcc.exe V5.06 update 5 (build 528)
Assembler:       Armasm.exe V5.06 update 5 (build 528)
Linker/Locator:  ArmLink.exe V5.06 update 5 (build 528)
Library Manager: ArmAr.exe V5.06 update 5 (build 528)
Hex Converter:   FromElf.exe V5.06 update 5 (build 528)
CPU DLL:         SARMCM3.DLL V5.24.1
Dialog DLL:      DCM.DLL V1.16.0.0
Target DLL:      STLink\ST-LINKIII-KEIL_SWO.dll V3.0.1.0
Dialog DLL:      TCM.DLL V1.32.0.0
 
<h2>Project:</h2>
F:\xieF\code\stm32\易周能源科技\工程模版\STM32First\MDK-ARM\STM32First.uvprojx
Project File Date:  07/20/2017

<h2>Output:</h2>
*** Using Compiler 'V5.06 update 5 (build 528)', folder: 'e:\Keil_v5\ARM\ARMCC\Bin'
Build target 'STM32First'
compiling stm32f1xx_hal_msp.c...
compiling gpio.c...
compiling main.c...
compiling usart.c...
compiling stm32f1xx_it.c...
compiling fsmc.c...
compiling gprs_m35.c...
..\..\..\HardwareLib\gprs_m35.c(31): warning:  #68-D: integer conversion resulted in a change of sign
  		return M35_ERR; 
..\..\..\HardwareLib\gprs_m35.c(46): warning:  #940-D: missing return statement at end of non-void function "init_param" 
  }
..\..\..\HardwareLib\gprs_m35.c(53): warning:  #940-D: missing return statement at end of non-void function "register_net" 
  }
..\..\..\HardwareLib\gprs_m35.c: 3 warnings, 0 errors
compiling lcd_tft.c...
compiling stm32f1xx_hal_dma.c...
compiling stm32f1xx_hal_flash.c...
compiling stm32f1xx_hal_flash_ex.c...
compiling stm32f1xx_hal_gpio_ex.c...
compiling stm32f1xx_hal_rcc_ex.c...
compiling stm32f1xx_hal_cortex.c...
compiling stm32f1xx_hal_rcc.c...
compiling stm32f1xx_hal_gpio.c...
compiling stm32f1xx_hal_pwr.c...
compiling stm32f1xx_hal_uart.c...
compiling stm32f1xx_hal.c...
compiling stm32f1xx_hal_tim_ex.c...
compiling stm32f1xx_hal_tim.c...
compiling stm32f1xx_ll_fsmc.c...
assembling startup_stm32f103xe.s...
compiling stm32f1xx_hal_sram.c...
compiling system_stm32f1xx.c...
linking...
Program Size: Code=19904 RO-data=360 RW-data=24 ZI-data=1176  
FromELF: creating hex file...
"STM32First\STM32First.axf" - 0 Error(s), 3 Warning(s).

<h2>Software Packages used:</h2>

Package Vendor: ARM
                http://www.keil.com/pack/ARM.CMSIS.5.0.1.pack
                ARM.CMSIS.5.0.1
                CMSIS (Cortex Microcontroller Software Interface Standard)
   * Component: CORE Version: 5.0.1

Package Vendor: Keil
                http://www.keil.com/pack/Keil.STM32F1xx_DFP.2.2.0.pack
                Keil.STM32F1xx_DFP.2.2.0
                STMicroelectronics STM32F1 Series Device Support, Drivers and Examples

<h2>Collection of Component include folders:</h2>
  .\RTE\_STM32First
  e:\Keil_v5\ARM\PACK\ARM\CMSIS\5.0.1\CMSIS\Include
  e:\Keil_v5\ARM\PACK\Keil\STM32F1xx_DFP\2.2.0\Device\Include

<h2>Collection of Component Files used:</h2>

   * Component: ARM::CMSIS:CORE:5.0.1
Build Time Elapsed:  00:00:42
</pre>
</body>
</html>
