10:47:50 **** Incremental Build of configuration Debug for project Cube ****
Info: Internal Builder is used for build
arm-atollic-eabi-gcc -c -mthumb -mcpu=cortex-m3 -std=gnu11 -D__weak=__attribute__((weak)) -D__packed=__attribute__((__packed__)) -DUSE_HAL_DRIVER -DSTM32F103xE -D__MICROLIB -I../../../Inc -I../../../Drivers/STM32F1xx_HAL_Driver/Inc -I../../../Drivers/STM32F1xx_HAL_Driver/Inc/Legacy -I../../../Middlewares/Third_Party/FreeRTOS/Source/portable/GCC/ARM_CM3 -I../../../Drivers/CMSIS/Device/ST/STM32F1xx/Include -I../../../Middlewares/Third_Party/FreeRTOS/Source/include -I../../../Middlewares/Third_Party/FreeRTOS/Source/CMSIS_RTOS -I../../../Drivers/CMSIS/Include -IF:\xieF\code\stm32\HardwareLib -Os -ffunction-sections -fdata-sections -g -fstack-usage -Wall -specs=nano.specs -o HardwareLib\lcd_12864.o ..\..\..\..\..\..\HardwareLib\lcd_12864.c 
..\..\..\..\..\..\HardwareLib\lcd_12864.c:37:16: warning: 'ReceiveByte' defined but not used [-Wunused-function]
 static uint8_t ReceiveByte(void)
                ^~~~~~~~~~~
arm-atollic-eabi-gcc -o Cube.elf Application\TrueSTUDIO\startup_stm32f103xe.o Application\User\crc.o Application\User\freertos.o Application\User\gpio.o Application\User\main.o Application\User\rtc.o Application\User\stm32f1xx_hal_msp.o Application\User\stm32f1xx_hal_timebase_TIM.o Application\User\stm32f1xx_it.o Application\User\tim.o Application\User\usart.o Drivers\CMSIS\system_stm32f1xx.o Drivers\STM32F1xx_HAL_Driver\stm32f1xx_hal.o Drivers\STM32F1xx_HAL_Driver\stm32f1xx_hal_cortex.o Drivers\STM32F1xx_HAL_Driver\stm32f1xx_hal_crc.o Drivers\STM32F1xx_HAL_Driver\stm32f1xx_hal_dma.o Drivers\STM32F1xx_HAL_Driver\stm32f1xx_hal_flash.o Drivers\STM32F1xx_HAL_Driver\stm32f1xx_hal_flash_ex.o Drivers\STM32F1xx_HAL_Driver\stm32f1xx_hal_gpio.o Drivers\STM32F1xx_HAL_Driver\stm32f1xx_hal_gpio_ex.o Drivers\STM32F1xx_HAL_Driver\stm32f1xx_hal_pwr.o Drivers\STM32F1xx_HAL_Driver\stm32f1xx_hal_rcc.o Drivers\STM32F1xx_HAL_Driver\stm32f1xx_hal_rcc_ex.o Drivers\STM32F1xx_HAL_Driver\stm32f1xx_hal_rtc.o Drivers\STM32F1xx_HAL_Driver\stm32f1xx_hal_rtc_ex.o Drivers\STM32F1xx_HAL_Driver\stm32f1xx_hal_tim.o Drivers\STM32F1xx_HAL_Driver\stm32f1xx_hal_tim_ex.o Drivers\STM32F1xx_HAL_Driver\stm32f1xx_hal_uart.o HardwareLib\AT24C04.o HardwareLib\Public.o HardwareLib\delay.o HardwareLib\gui.o HardwareLib\iic.o HardwareLib\key.o HardwareLib\lcd_12864.o HardwareLib\lcd_19264.o HardwareLib\modbus.o Middlewares\FreeRTOS\cmsis_os.o Middlewares\FreeRTOS\croutine.o Middlewares\FreeRTOS\event_groups.o Middlewares\FreeRTOS\heap_4.o Middlewares\FreeRTOS\list.o Middlewares\FreeRTOS\port.o Middlewares\FreeRTOS\queue.o Middlewares\FreeRTOS\tasks.o Middlewares\FreeRTOS\timers.o -mthumb -mcpu=cortex-m3 -T../STM32F103VC_FLASH.ld -specs=nosys.specs -static -Wl,-Map=Cube.map -Wl,--gc-sections -Wl,--defsym=malloc_getpagesize_P=0x80 -Wl,--start-group -lc -lm -Wl,--end-group -specs=nano.specs 
E:\Program Files (x86)\TrueSTUDIO for ARM 8.0.0\ide\jre\bin\java -jar E:\Program Files (x86)\TrueSTUDIO for ARM 8.0.0\Tools\arm-atollic-reports.jar sizeinfo list F:\xieF\code\stm32\yzkj\waterWarning\Cube\TrueSTUDIO\Cube\Debug\Cube.elf 
Generate build reports...
Print size information
   text	   data	    bss	    dec	    hex	filename
  19956	    116	  24896	  44968	   afa8	F:\xieF\code\stm32\yzkj\waterWarning\Cube\TrueSTUDIO\Cube\Debug\Cube.elf
Print size information done
Generate listing file
Output sent to: F:\xieF\code\stm32\yzkj\waterWarning\Cube\TrueSTUDIO\Cube\Debug\Cube.list
Generate listing file done
Generate build reports done
Info: Nothing to build for Cube
